
> draw-app@0.1.0 test
> react-scripts test src/components/DrawingCanvas.test.js

  console.error
    Error: Uncaught [TypeError: Cannot set properties of undefined (setting 'lineCap')]
        at reportException (C:\Users\iolej\DEV\testApp1\draw-app\node_modules\jsdom\lib\jsdom\living\helpers\runtime-script-errors.js:66:24)
        at innerInvokeEventListeners (C:\Users\iolej\DEV\testApp1\draw-app\node_modules\jsdom\lib\jsdom\living\events\EventTarget-impl.js:341:9)
        at invokeEventListeners (C:\Users\iolej\DEV\testApp1\draw-app\node_modules\jsdom\lib\jsdom\living\events\EventTarget-impl.js:274:3)
        at HTMLUnknownElementImpl._dispatch (C:\Users\iolej\DEV\testApp1\draw-app\node_modules\jsdom\lib\jsdom\living\events\EventTarget-impl.js:221:9)
        at HTMLUnknownElementImpl.dispatchEvent (C:\Users\iolej\DEV\testApp1\draw-app\node_modules\jsdom\lib\jsdom\living\events\EventTarget-impl.js:94:17)
        at HTMLUnknownElement.dispatchEvent (C:\Users\iolej\DEV\testApp1\draw-app\node_modules\jsdom\lib\jsdom\living\generated\EventTarget.js:231:34)
        at Object.invokeGuardedCallbackDev (C:\Users\iolej\DEV\testApp1\draw-app\node_modules\react-dom\cjs\react-dom.development.js:4213:16)
        at invokeGuardedCallback (C:\Users\iolej\DEV\testApp1\draw-app\node_modules\react-dom\cjs\react-dom.development.js:4277:31)
        at reportUncaughtErrorInDEV (C:\Users\iolej\DEV\testApp1\draw-app\node_modules\react-dom\cjs\react-dom.development.js:22877:5)
        at captureCommitPhaseError (C:\Users\iolej\DEV\testApp1\draw-app\node_modules\react-dom\cjs\react-dom.development.js:27165:5)
        at commitPassiveMountEffects_complete (C:\Users\iolej\DEV\testApp1\draw-app\node_modules\react-dom\cjs\react-dom.development.js:24932:9)
        at commitPassiveMountEffects_begin (C:\Users\iolej\DEV\testApp1\draw-app\node_modules\react-dom\cjs\react-dom.development.js:24917:7)
        at commitPassiveMountEffects (C:\Users\iolej\DEV\testApp1\draw-app\node_modules\react-dom\cjs\react-dom.development.js:24905:3)
        at flushPassiveEffectsImpl (C:\Users\iolej\DEV\testApp1\draw-app\node_modules\react-dom\cjs\react-dom.development.js:27078:3)
        at flushPassiveEffects (C:\Users\iolej\DEV\testApp1\draw-app\node_modules\react-dom\cjs\react-dom.development.js:27023:14)
        at C:\Users\iolej\DEV\testApp1\draw-app\node_modules\react-dom\cjs\react-dom.development.js:26808:9
        at flushActQueue (C:\Users\iolej\DEV\testApp1\draw-app\node_modules\react\cjs\react.development.js:2667:24)
        at act (C:\Users\iolej\DEV\testApp1\draw-app\node_modules\react\cjs\react.development.js:2582:11)
        at C:\Users\iolej\DEV\testApp1\draw-app\node_modules\@testing-library\react\dist\act-compat.js:47:25
        at renderRoot (C:\Users\iolej\DEV\testApp1\draw-app\node_modules\@testing-library\react\dist\pure.js:190:26)
        at render (C:\Users\iolej\DEV\testApp1\draw-app\node_modules\@testing-library\react\dist\pure.js:292:10)
        at Object.<anonymous> (C:\Users\iolej\DEV\testApp1\draw-app\src\components\DrawingCanvas.test.js:42:15)
        at Promise.then.completed (C:\Users\iolej\DEV\testApp1\draw-app\node_modules\jest-circus\build\utils.js:391:28)
        at new Promise (<anonymous>)
        at callAsyncCircusFn (C:\Users\iolej\DEV\testApp1\draw-app\node_modules\jest-circus\build\utils.js:316:10)
        at _callCircusTest (C:\Users\iolej\DEV\testApp1\draw-app\node_modules\jest-circus\build\run.js:218:40)
        at _runTest (C:\Users\iolej\DEV\testApp1\draw-app\node_modules\jest-circus\build\run.js:155:3)
        at _runTestsForDescribeBlock (C:\Users\iolej\DEV\testApp1\draw-app\node_modules\jest-circus\build\run.js:66:9)
        at _runTestsForDescribeBlock (C:\Users\iolej\DEV\testApp1\draw-app\node_modules\jest-circus\build\run.js:60:9)
        at run (C:\Users\iolej\DEV\testApp1\draw-app\node_modules\jest-circus\build\run.js:25:3)
        at runAndTransformResultsToJestFormat (C:\Users\iolej\DEV\testApp1\draw-app\node_modules\jest-circus\build\legacy-code-todo-rewrite\jestAdapterInit.js:170:21)
        at jestAdapter (C:\Users\iolej\DEV\testApp1\draw-app\node_modules\jest-circus\build\legacy-code-todo-rewrite\jestAdapter.js:82:19)
        at runTestInternal (C:\Users\iolej\DEV\testApp1\draw-app\node_modules\jest-runner\build\runTest.js:389:16)
        at runTest (C:\Users\iolej\DEV\testApp1\draw-app\node_modules\jest-runner\build\runTest.js:475:34)
        at TestRunner.runTests (C:\Users\iolej\DEV\testApp1\draw-app\node_modules\jest-runner\build\index.js:101:12)
        at TestScheduler.scheduleTests (C:\Users\iolej\DEV\testApp1\draw-app\node_modules\@jest\core\build\TestScheduler.js:333:13)
        at runJest (C:\Users\iolej\DEV\testApp1\draw-app\node_modules\@jest\core\build\runJest.js:404:19)
        at _run10000 (C:\Users\iolej\DEV\testApp1\draw-app\node_modules\@jest\core\build\cli\index.js:320:7)
        at runCLI (C:\Users\iolej\DEV\testApp1\draw-app\node_modules\@jest\core\build\cli\index.js:173:3)
        at Object.run (C:\Users\iolej\DEV\testApp1\draw-app\node_modules\jest-cli\build\cli\index.js:155:37) TypeError: Cannot set properties of undefined (setting 'lineCap')
        at handleResize (C:\Users\iolej\DEV\testApp1\draw-app\src\components\DrawingCanvas.js:85:22)
        at C:\Users\iolej\DEV\testApp1\draw-app\src\components\DrawingCanvas.js:109:5
        at commitHookEffectListMount (C:\Users\iolej\DEV\testApp1\draw-app\node_modules\react-dom\cjs\react-dom.development.js:23189:26)
        at commitPassiveMountOnFiber (C:\Users\iolej\DEV\testApp1\draw-app\node_modules\react-dom\cjs\react-dom.development.js:24970:11)
        at commitPassiveMountEffects_complete (C:\Users\iolej\DEV\testApp1\draw-app\node_modules\react-dom\cjs\react-dom.development.js:24930:9)
        at commitPassiveMountEffects_begin (C:\Users\iolej\DEV\testApp1\draw-app\node_modules\react-dom\cjs\react-dom.development.js:24917:7)
        at commitPassiveMountEffects (C:\Users\iolej\DEV\testApp1\draw-app\node_modules\react-dom\cjs\react-dom.development.js:24905:3)
        at flushPassiveEffectsImpl (C:\Users\iolej\DEV\testApp1\draw-app\node_modules\react-dom\cjs\react-dom.development.js:27078:3)
        at flushPassiveEffects (C:\Users\iolej\DEV\testApp1\draw-app\node_modules\react-dom\cjs\react-dom.development.js:27023:14)
        at C:\Users\iolej\DEV\testApp1\draw-app\node_modules\react-dom\cjs\react-dom.development.js:26808:9
        at flushActQueue (C:\Users\iolej\DEV\testApp1\draw-app\node_modules\react\cjs\react.development.js:2667:24)
        at act (C:\Users\iolej\DEV\testApp1\draw-app\node_modules\react\cjs\react.development.js:2582:11)
        at C:\Users\iolej\DEV\testApp1\draw-app\node_modules\@testing-library\react\dist\act-compat.js:47:25
        at renderRoot (C:\Users\iolej\DEV\testApp1\draw-app\node_modules\@testing-library\react\dist\pure.js:190:26)
        at render (C:\Users\iolej\DEV\testApp1\draw-app\node_modules\@testing-library\react\dist\pure.js:292:10)
        at Object.<anonymous> (C:\Users\iolej\DEV\testApp1\draw-app\src\components\DrawingCanvas.test.js:42:15)
        at Promise.then.completed (C:\Users\iolej\DEV\testApp1\draw-app\node_modules\jest-circus\build\utils.js:391:28)
        at new Promise (<anonymous>)
        at callAsyncCircusFn (C:\Users\iolej\DEV\testApp1\draw-app\node_modules\jest-circus\build\utils.js:316:10)
        at _callCircusTest (C:\Users\iolej\DEV\testApp1\draw-app\node_modules\jest-circus\build\run.js:218:40)
        at _runTest (C:\Users\iolej\DEV\testApp1\draw-app\node_modules\jest-circus\build\run.js:155:3)
        at _runTestsForDescribeBlock (C:\Users\iolej\DEV\testApp1\draw-app\node_modules\jest-circus\build\run.js:66:9)
        at _runTestsForDescribeBlock (C:\Users\iolej\DEV\testApp1\draw-app\node_modules\jest-circus\build\run.js:60:9)
        at run (C:\Users\iolej\DEV\testApp1\draw-app\node_modules\jest-circus\build\run.js:25:3)
        at runAndTransformResultsToJestFormat (C:\Users\iolej\DEV\testApp1\draw-app\node_modules\jest-circus\build\legacy-code-todo-rewrite\jestAdapterInit.js:170:21)
        at jestAdapter (C:\Users\iolej\DEV\testApp1\draw-app\node_modules\jest-circus\build\legacy-code-todo-rewrite\jestAdapter.js:82:19)
        at runTestInternal (C:\Users\iolej\DEV\testApp1\draw-app\node_modules\jest-runner\build\runTest.js:389:16)
        at runTest (C:\Users\iolej\DEV\testApp1\draw-app\node_modules\jest-runner\build\runTest.js:475:34)
        at TestRunner.runTests (C:\Users\iolej\DEV\testApp1\draw-app\node_modules\jest-runner\build\index.js:101:12)
        at TestScheduler.scheduleTests (C:\Users\iolej\DEV\testApp1\draw-app\node_modules\@jest\core\build\TestScheduler.js:333:13)
        at runJest (C:\Users\iolej\DEV\testApp1\draw-app\node_modules\@jest\core\build\runJest.js:404:19)
        at _run10000 (C:\Users\iolej\DEV\testApp1\draw-app\node_modules\@jest\core\build\cli\index.js:320:7)
        at runCLI (C:\Users\iolej\DEV\testApp1\draw-app\node_modules\@jest\core\build\cli\index.js:173:3)
        at Object.run (C:\Users\iolej\DEV\testApp1\draw-app\node_modules\jest-cli\build\cli\index.js:155:37)

    [0m [90m 40 |[39m
     [90m 41 |[39m     test([32m'renders without crashing'[39m[33m,[39m () [33m=>[39m {
    [31m[1m>[22m[39m[90m 42 |[39m         render(
     [90m    |[39m               [31m[1m^[22m[39m
     [90m 43 |[39m             [33m<[39m[33mDrawingCanvas[39m
     [90m 44 |[39m                 tool[33m=[39m[32m"draw"[39m
     [90m 45 |[39m                 color[33m=[39m[32m"#000000"[39m[0m

      at VirtualConsole.<anonymous> (node_modules/jsdom/lib/jsdom/virtual-console.js:29:45)
      at reportException (node_modules/jsdom/lib/jsdom/living/helpers/runtime-script-errors.js:70:28)
      at innerInvokeEventListeners (node_modules/jsdom/lib/jsdom/living/events/EventTarget-impl.js:341:9)
      at invokeEventListeners (node_modules/jsdom/lib/jsdom/living/events/EventTarget-impl.js:274:3)
      at HTMLUnknownElementImpl._dispatch (node_modules/jsdom/lib/jsdom/living/events/EventTarget-impl.js:221:9)
      at HTMLUnknownElementImpl.dispatchEvent (node_modules/jsdom/lib/jsdom/living/events/EventTarget-impl.js:94:17)
      at HTMLUnknownElement.dispatchEvent (node_modules/jsdom/lib/jsdom/living/generated/EventTarget.js:231:34)
      at Object.invokeGuardedCallbackDev (node_modules/react-dom/cjs/react-dom.development.js:4213:16)
      at invokeGuardedCallback (node_modules/react-dom/cjs/react-dom.development.js:4277:31)
      at reportUncaughtErrorInDEV (node_modules/react-dom/cjs/react-dom.development.js:22877:5)
      at captureCommitPhaseError (node_modules/react-dom/cjs/react-dom.development.js:27165:5)
      at commitPassiveMountEffects_complete (node_modules/react-dom/cjs/react-dom.development.js:24932:9)
      at commitPassiveMountEffects_begin (node_modules/react-dom/cjs/react-dom.development.js:24917:7)
      at commitPassiveMountEffects (node_modules/react-dom/cjs/react-dom.development.js:24905:3)
      at flushPassiveEffectsImpl (node_modules/react-dom/cjs/react-dom.development.js:27078:3)
      at flushPassiveEffects (node_modules/react-dom/cjs/react-dom.development.js:27023:14)
      at node_modules/react-dom/cjs/react-dom.development.js:26808:9
      at flushActQueue (node_modules/react/cjs/react.development.js:2667:24)
      at act (node_modules/react/cjs/react.development.js:2582:11)
      at node_modules/@testing-library/react/dist/act-compat.js:47:25
      at renderRoot (node_modules/@testing-library/react/dist/pure.js:190:26)
      at render (node_modules/@testing-library/react/dist/pure.js:292:10)
      at Object.<anonymous> (src/components/DrawingCanvas.test.js:42:15)
      at TestScheduler.scheduleTests (node_modules/@jest/core/build/TestScheduler.js:333:13)
      at runJest (node_modules/@jest/core/build/runJest.js:404:19)
      at _run10000 (node_modules/@jest/core/build/cli/index.js:320:7)
      at runCLI (node_modules/@jest/core/build/cli/index.js:173:3)

  console.error
    The above error occurred in the <ForwardRef> component:
    
        at C:\Users\iolej\DEV\testApp1\draw-app\src\components\DrawingCanvas.js:6:3
    
    Consider adding an error boundary to your tree to customize error handling behavior.
    Visit https://reactjs.org/link/error-boundaries to learn more about error boundaries.

    [0m [90m 40 |[39m
     [90m 41 |[39m     test([32m'renders without crashing'[39m[33m,[39m () [33m=>[39m {
    [31m[1m>[22m[39m[90m 42 |[39m         render(
     [90m    |[39m               [31m[1m^[22m[39m
     [90m 43 |[39m             [33m<[39m[33mDrawingCanvas[39m
     [90m 44 |[39m                 tool[33m=[39m[32m"draw"[39m
     [90m 45 |[39m                 color[33m=[39m[32m"#000000"[39m[0m

      at logCapturedError (node_modules/react-dom/cjs/react-dom.development.js:18704:23)
      at update.callback (node_modules/react-dom/cjs/react-dom.development.js:18737:5)
      at callCallback (node_modules/react-dom/cjs/react-dom.development.js:15036:12)
      at commitUpdateQueue (node_modules/react-dom/cjs/react-dom.development.js:15057:9)
      at commitLayoutEffectOnFiber (node_modules/react-dom/cjs/react-dom.development.js:23430:13)
      at commitLayoutMountEffects_complete (node_modules/react-dom/cjs/react-dom.development.js:24727:9)
      at commitLayoutEffects_begin (node_modules/react-dom/cjs/react-dom.development.js:24713:7)
      at commitLayoutEffects (node_modules/react-dom/cjs/react-dom.development.js:24651:3)
      at commitRootImpl (node_modules/react-dom/cjs/react-dom.development.js:26862:5)
      at commitRoot (node_modules/react-dom/cjs/react-dom.development.js:26721:5)
      at performSyncWorkOnRoot (node_modules/react-dom/cjs/react-dom.development.js:26156:3)
      at flushSyncCallbacks (node_modules/react-dom/cjs/react-dom.development.js:12042:22)
      at flushPassiveEffectsImpl (node_modules/react-dom/cjs/react-dom.development.js:27099:3)
      at flushPassiveEffects (node_modules/react-dom/cjs/react-dom.development.js:27023:14)
      at node_modules/react-dom/cjs/react-dom.development.js:26808:9
      at flushActQueue (node_modules/react/cjs/react.development.js:2667:24)
      at act (node_modules/react/cjs/react.development.js:2582:11)
      at node_modules/@testing-library/react/dist/act-compat.js:47:25
      at renderRoot (node_modules/@testing-library/react/dist/pure.js:190:26)
      at render (node_modules/@testing-library/react/dist/pure.js:292:10)
      at Object.<anonymous> (src/components/DrawingCanvas.test.js:42:15)
      at TestScheduler.scheduleTests (node_modules/@jest/core/build/TestScheduler.js:333:13)
      at runJest (node_modules/@jest/core/build/runJest.js:404:19)
      at _run10000 (node_modules/@jest/core/build/cli/index.js:320:7)
      at runCLI (node_modules/@jest/core/build/cli/index.js:173:3)

  console.error
    Error: Uncaught [TypeError: Cannot set properties of undefined (setting 'lineCap')]
        at reportException (C:\Users\iolej\DEV\testApp1\draw-app\node_modules\jsdom\lib\jsdom\living\helpers\runtime-script-errors.js:66:24)
        at innerInvokeEventListeners (C:\Users\iolej\DEV\testApp1\draw-app\node_modules\jsdom\lib\jsdom\living\events\EventTarget-impl.js:341:9)
        at invokeEventListeners (C:\Users\iolej\DEV\testApp1\draw-app\node_modules\jsdom\lib\jsdom\living\events\EventTarget-impl.js:274:3)
        at HTMLUnknownElementImpl._dispatch (C:\Users\iolej\DEV\testApp1\draw-app\node_modules\jsdom\lib\jsdom\living\events\EventTarget-impl.js:221:9)
        at HTMLUnknownElementImpl.dispatchEvent (C:\Users\iolej\DEV\testApp1\draw-app\node_modules\jsdom\lib\jsdom\living\events\EventTarget-impl.js:94:17)
        at HTMLUnknownElement.dispatchEvent (C:\Users\iolej\DEV\testApp1\draw-app\node_modules\jsdom\lib\jsdom\living\generated\EventTarget.js:231:34)
        at Object.invokeGuardedCallbackDev (C:\Users\iolej\DEV\testApp1\draw-app\node_modules\react-dom\cjs\react-dom.development.js:4213:16)
        at invokeGuardedCallback (C:\Users\iolej\DEV\testApp1\draw-app\node_modules\react-dom\cjs\react-dom.development.js:4277:31)
        at reportUncaughtErrorInDEV (C:\Users\iolej\DEV\testApp1\draw-app\node_modules\react-dom\cjs\react-dom.development.js:22877:5)
        at captureCommitPhaseError (C:\Users\iolej\DEV\testApp1\draw-app\node_modules\react-dom\cjs\react-dom.development.js:27165:5)
        at commitPassiveMountEffects_complete (C:\Users\iolej\DEV\testApp1\draw-app\node_modules\react-dom\cjs\react-dom.development.js:24932:9)
        at commitPassiveMountEffects_begin (C:\Users\iolej\DEV\testApp1\draw-app\node_modules\react-dom\cjs\react-dom.development.js:24917:7)
        at commitPassiveMountEffects (C:\Users\iolej\DEV\testApp1\draw-app\node_modules\react-dom\cjs\react-dom.development.js:24905:3)
        at flushPassiveEffectsImpl (C:\Users\iolej\DEV\testApp1\draw-app\node_modules\react-dom\cjs\react-dom.development.js:27078:3)
        at flushPassiveEffects (C:\Users\iolej\DEV\testApp1\draw-app\node_modules\react-dom\cjs\react-dom.development.js:27023:14)
        at C:\Users\iolej\DEV\testApp1\draw-app\node_modules\react-dom\cjs\react-dom.development.js:26808:9
        at flushActQueue (C:\Users\iolej\DEV\testApp1\draw-app\node_modules\react\cjs\react.development.js:2667:24)
        at act (C:\Users\iolej\DEV\testApp1\draw-app\node_modules\react\cjs\react.development.js:2582:11)
        at C:\Users\iolej\DEV\testApp1\draw-app\node_modules\@testing-library\react\dist\act-compat.js:47:25
        at renderRoot (C:\Users\iolej\DEV\testApp1\draw-app\node_modules\@testing-library\react\dist\pure.js:190:26)
        at render (C:\Users\iolej\DEV\testApp1\draw-app\node_modules\@testing-library\react\dist\pure.js:292:10)
        at Object.<anonymous> (C:\Users\iolej\DEV\testApp1\draw-app\src\components\DrawingCanvas.test.js:57:15)
        at Promise.then.completed (C:\Users\iolej\DEV\testApp1\draw-app\node_modules\jest-circus\build\utils.js:391:28)
        at new Promise (<anonymous>)
        at callAsyncCircusFn (C:\Users\iolej\DEV\testApp1\draw-app\node_modules\jest-circus\build\utils.js:316:10)
        at _callCircusTest (C:\Users\iolej\DEV\testApp1\draw-app\node_modules\jest-circus\build\run.js:218:40)
        at _runTest (C:\Users\iolej\DEV\testApp1\draw-app\node_modules\jest-circus\build\run.js:155:3)
        at _runTestsForDescribeBlock (C:\Users\iolej\DEV\testApp1\draw-app\node_modules\jest-circus\build\run.js:66:9)
        at _runTestsForDescribeBlock (C:\Users\iolej\DEV\testApp1\draw-app\node_modules\jest-circus\build\run.js:60:9)
        at run (C:\Users\iolej\DEV\testApp1\draw-app\node_modules\jest-circus\build\run.js:25:3)
        at runAndTransformResultsToJestFormat (C:\Users\iolej\DEV\testApp1\draw-app\node_modules\jest-circus\build\legacy-code-todo-rewrite\jestAdapterInit.js:170:21)
        at jestAdapter (C:\Users\iolej\DEV\testApp1\draw-app\node_modules\jest-circus\build\legacy-code-todo-rewrite\jestAdapter.js:82:19)
        at runTestInternal (C:\Users\iolej\DEV\testApp1\draw-app\node_modules\jest-runner\build\runTest.js:389:16)
        at runTest (C:\Users\iolej\DEV\testApp1\draw-app\node_modules\jest-runner\build\runTest.js:475:34)
        at TestRunner.runTests (C:\Users\iolej\DEV\testApp1\draw-app\node_modules\jest-runner\build\index.js:101:12)
        at TestScheduler.scheduleTests (C:\Users\iolej\DEV\testApp1\draw-app\node_modules\@jest\core\build\TestScheduler.js:333:13)
        at runJest (C:\Users\iolej\DEV\testApp1\draw-app\node_modules\@jest\core\build\runJest.js:404:19)
        at _run10000 (C:\Users\iolej\DEV\testApp1\draw-app\node_modules\@jest\core\build\cli\index.js:320:7)
        at runCLI (C:\Users\iolej\DEV\testApp1\draw-app\node_modules\@jest\core\build\cli\index.js:173:3)
        at Object.run (C:\Users\iolej\DEV\testApp1\draw-app\node_modules\jest-cli\build\cli\index.js:155:37) TypeError: Cannot set properties of undefined (setting 'lineCap')
        at handleResize (C:\Users\iolej\DEV\testApp1\draw-app\src\components\DrawingCanvas.js:85:22)
        at C:\Users\iolej\DEV\testApp1\draw-app\src\components\DrawingCanvas.js:109:5
        at commitHookEffectListMount (C:\Users\iolej\DEV\testApp1\draw-app\node_modules\react-dom\cjs\react-dom.development.js:23189:26)
        at commitPassiveMountOnFiber (C:\Users\iolej\DEV\testApp1\draw-app\node_modules\react-dom\cjs\react-dom.development.js:24970:11)
        at commitPassiveMountEffects_complete (C:\Users\iolej\DEV\testApp1\draw-app\node_modules\react-dom\cjs\react-dom.development.js:24930:9)
        at commitPassiveMountEffects_begin (C:\Users\iolej\DEV\testApp1\draw-app\node_modules\react-dom\cjs\react-dom.development.js:24917:7)
        at commitPassiveMountEffects (C:\Users\iolej\DEV\testApp1\draw-app\node_modules\react-dom\cjs\react-dom.development.js:24905:3)
        at flushPassiveEffectsImpl (C:\Users\iolej\DEV\testApp1\draw-app\node_modules\react-dom\cjs\react-dom.development.js:27078:3)
        at flushPassiveEffects (C:\Users\iolej\DEV\testApp1\draw-app\node_modules\react-dom\cjs\react-dom.development.js:27023:14)
        at C:\Users\iolej\DEV\testApp1\draw-app\node_modules\react-dom\cjs\react-dom.development.js:26808:9
        at flushActQueue (C:\Users\iolej\DEV\testApp1\draw-app\node_modules\react\cjs\react.development.js:2667:24)
        at act (C:\Users\iolej\DEV\testApp1\draw-app\node_modules\react\cjs\react.development.js:2582:11)
        at C:\Users\iolej\DEV\testApp1\draw-app\node_modules\@testing-library\react\dist\act-compat.js:47:25
        at renderRoot (C:\Users\iolej\DEV\testApp1\draw-app\node_modules\@testing-library\react\dist\pure.js:190:26)
        at render (C:\Users\iolej\DEV\testApp1\draw-app\node_modules\@testing-library\react\dist\pure.js:292:10)
        at Object.<anonymous> (C:\Users\iolej\DEV\testApp1\draw-app\src\components\DrawingCanvas.test.js:57:15)
        at Promise.then.completed (C:\Users\iolej\DEV\testApp1\draw-app\node_modules\jest-circus\build\utils.js:391:28)
        at new Promise (<anonymous>)
        at callAsyncCircusFn (C:\Users\iolej\DEV\testApp1\draw-app\node_modules\jest-circus\build\utils.js:316:10)
        at _callCircusTest (C:\Users\iolej\DEV\testApp1\draw-app\node_modules\jest-circus\build\run.js:218:40)
        at _runTest (C:\Users\iolej\DEV\testApp1\draw-app\node_modules\jest-circus\build\run.js:155:3)
        at _runTestsForDescribeBlock (C:\Users\iolej\DEV\testApp1\draw-app\node_modules\jest-circus\build\run.js:66:9)
        at _runTestsForDescribeBlock (C:\Users\iolej\DEV\testApp1\draw-app\node_modules\jest-circus\build\run.js:60:9)
        at run (C:\Users\iolej\DEV\testApp1\draw-app\node_modules\jest-circus\build\run.js:25:3)
        at runAndTransformResultsToJestFormat (C:\Users\iolej\DEV\testApp1\draw-app\node_modules\jest-circus\build\legacy-code-todo-rewrite\jestAdapterInit.js:170:21)
        at jestAdapter (C:\Users\iolej\DEV\testApp1\draw-app\node_modules\jest-circus\build\legacy-code-todo-rewrite\jestAdapter.js:82:19)
        at runTestInternal (C:\Users\iolej\DEV\testApp1\draw-app\node_modules\jest-runner\build\runTest.js:389:16)
        at runTest (C:\Users\iolej\DEV\testApp1\draw-app\node_modules\jest-runner\build\runTest.js:475:34)
        at TestRunner.runTests (C:\Users\iolej\DEV\testApp1\draw-app\node_modules\jest-runner\build\index.js:101:12)
        at TestScheduler.scheduleTests (C:\Users\iolej\DEV\testApp1\draw-app\node_modules\@jest\core\build\TestScheduler.js:333:13)
        at runJest (C:\Users\iolej\DEV\testApp1\draw-app\node_modules\@jest\core\build\runJest.js:404:19)
        at _run10000 (C:\Users\iolej\DEV\testApp1\draw-app\node_modules\@jest\core\build\cli\index.js:320:7)
        at runCLI (C:\Users\iolej\DEV\testApp1\draw-app\node_modules\@jest\core\build\cli\index.js:173:3)
        at Object.run (C:\Users\iolej\DEV\testApp1\draw-app\node_modules\jest-cli\build\cli\index.js:155:37)

    [0m [90m 55 |[39m
     [90m 56 |[39m     test([32m'initializes history on mount'[39m[33m,[39m () [33m=>[39m {
    [31m[1m>[22m[39m[90m 57 |[39m         render(
     [90m    |[39m               [31m[1m^[22m[39m
     [90m 58 |[39m             [33m<[39m[33mDrawingCanvas[39m
     [90m 59 |[39m                 tool[33m=[39m[32m"draw"[39m
     [90m 60 |[39m                 color[33m=[39m[32m"#000000"[39m[0m

      at VirtualConsole.<anonymous> (node_modules/jsdom/lib/jsdom/virtual-console.js:29:45)
      at reportException (node_modules/jsdom/lib/jsdom/living/helpers/runtime-script-errors.js:70:28)
      at innerInvokeEventListeners (node_modules/jsdom/lib/jsdom/living/events/EventTarget-impl.js:341:9)
      at invokeEventListeners (node_modules/jsdom/lib/jsdom/living/events/EventTarget-impl.js:274:3)
      at HTMLUnknownElementImpl._dispatch (node_modules/jsdom/lib/jsdom/living/events/EventTarget-impl.js:221:9)
      at HTMLUnknownElementImpl.dispatchEvent (node_modules/jsdom/lib/jsdom/living/events/EventTarget-impl.js:94:17)
      at HTMLUnknownElement.dispatchEvent (node_modules/jsdom/lib/jsdom/living/generated/EventTarget.js:231:34)
      at Object.invokeGuardedCallbackDev (node_modules/react-dom/cjs/react-dom.development.js:4213:16)
      at invokeGuardedCallback (node_modules/react-dom/cjs/react-dom.development.js:4277:31)
      at reportUncaughtErrorInDEV (node_modules/react-dom/cjs/react-dom.development.js:22877:5)
      at captureCommitPhaseError (node_modules/react-dom/cjs/react-dom.development.js:27165:5)
      at commitPassiveMountEffects_complete (node_modules/react-dom/cjs/react-dom.development.js:24932:9)
      at commitPassiveMountEffects_begin (node_modules/react-dom/cjs/react-dom.development.js:24917:7)
      at commitPassiveMountEffects (node_modules/react-dom/cjs/react-dom.development.js:24905:3)
      at flushPassiveEffectsImpl (node_modules/react-dom/cjs/react-dom.development.js:27078:3)
      at flushPassiveEffects (node_modules/react-dom/cjs/react-dom.development.js:27023:14)
      at node_modules/react-dom/cjs/react-dom.development.js:26808:9
      at flushActQueue (node_modules/react/cjs/react.development.js:2667:24)
      at act (node_modules/react/cjs/react.development.js:2582:11)
      at node_modules/@testing-library/react/dist/act-compat.js:47:25
      at renderRoot (node_modules/@testing-library/react/dist/pure.js:190:26)
      at render (node_modules/@testing-library/react/dist/pure.js:292:10)
      at Object.<anonymous> (src/components/DrawingCanvas.test.js:57:15)
      at TestScheduler.scheduleTests (node_modules/@jest/core/build/TestScheduler.js:333:13)
      at runJest (node_modules/@jest/core/build/runJest.js:404:19)
      at _run10000 (node_modules/@jest/core/build/cli/index.js:320:7)
      at runCLI (node_modules/@jest/core/build/cli/index.js:173:3)

  console.error
    The above error occurred in the <ForwardRef> component:
    
        at C:\Users\iolej\DEV\testApp1\draw-app\src\components\DrawingCanvas.js:6:3
    
    Consider adding an error boundary to your tree to customize error handling behavior.
    Visit https://reactjs.org/link/error-boundaries to learn more about error boundaries.

    [0m [90m 55 |[39m
     [90m 56 |[39m     test([32m'initializes history on mount'[39m[33m,[39m () [33m=>[39m {
    [31m[1m>[22m[39m[90m 57 |[39m         render(
     [90m    |[39m               [31m[1m^[22m[39m
     [90m 58 |[39m             [33m<[39m[33mDrawingCanvas[39m
     [90m 59 |[39m                 tool[33m=[39m[32m"draw"[39m
     [90m 60 |[39m                 color[33m=[39m[32m"#000000"[39m[0m

      at logCapturedError (node_modules/react-dom/cjs/react-dom.development.js:18704:23)
      at update.callback (node_modules/react-dom/cjs/react-dom.development.js:18737:5)
      at callCallback (node_modules/react-dom/cjs/react-dom.development.js:15036:12)
      at commitUpdateQueue (node_modules/react-dom/cjs/react-dom.development.js:15057:9)
      at commitLayoutEffectOnFiber (node_modules/react-dom/cjs/react-dom.development.js:23430:13)
      at commitLayoutMountEffects_complete (node_modules/react-dom/cjs/react-dom.development.js:24727:9)
      at commitLayoutEffects_begin (node_modules/react-dom/cjs/react-dom.development.js:24713:7)
      at commitLayoutEffects (node_modules/react-dom/cjs/react-dom.development.js:24651:3)
      at commitRootImpl (node_modules/react-dom/cjs/react-dom.development.js:26862:5)
      at commitRoot (node_modules/react-dom/cjs/react-dom.development.js:26721:5)
      at performSyncWorkOnRoot (node_modules/react-dom/cjs/react-dom.development.js:26156:3)
      at flushSyncCallbacks (node_modules/react-dom/cjs/react-dom.development.js:12042:22)
      at flushPassiveEffectsImpl (node_modules/react-dom/cjs/react-dom.development.js:27099:3)
      at flushPassiveEffects (node_modules/react-dom/cjs/react-dom.development.js:27023:14)
      at node_modules/react-dom/cjs/react-dom.development.js:26808:9
      at flushActQueue (node_modules/react/cjs/react.development.js:2667:24)
      at act (node_modules/react/cjs/react.development.js:2582:11)
      at node_modules/@testing-library/react/dist/act-compat.js:47:25
      at renderRoot (node_modules/@testing-library/react/dist/pure.js:190:26)
      at render (node_modules/@testing-library/react/dist/pure.js:292:10)
      at Object.<anonymous> (src/components/DrawingCanvas.test.js:57:15)
      at TestScheduler.scheduleTests (node_modules/@jest/core/build/TestScheduler.js:333:13)
      at runJest (node_modules/@jest/core/build/runJest.js:404:19)
      at _run10000 (node_modules/@jest/core/build/cli/index.js:320:7)
      at runCLI (node_modules/@jest/core/build/cli/index.js:173:3)

  console.error
    Error: Uncaught [TypeError: Cannot set properties of undefined (setting 'lineCap')]
        at reportException (C:\Users\iolej\DEV\testApp1\draw-app\node_modules\jsdom\lib\jsdom\living\helpers\runtime-script-errors.js:66:24)
        at innerInvokeEventListeners (C:\Users\iolej\DEV\testApp1\draw-app\node_modules\jsdom\lib\jsdom\living\events\EventTarget-impl.js:341:9)
        at invokeEventListeners (C:\Users\iolej\DEV\testApp1\draw-app\node_modules\jsdom\lib\jsdom\living\events\EventTarget-impl.js:274:3)
        at HTMLUnknownElementImpl._dispatch (C:\Users\iolej\DEV\testApp1\draw-app\node_modules\jsdom\lib\jsdom\living\events\EventTarget-impl.js:221:9)
        at HTMLUnknownElementImpl.dispatchEvent (C:\Users\iolej\DEV\testApp1\draw-app\node_modules\jsdom\lib\jsdom\living\events\EventTarget-impl.js:94:17)
        at HTMLUnknownElement.dispatchEvent (C:\Users\iolej\DEV\testApp1\draw-app\node_modules\jsdom\lib\jsdom\living\generated\EventTarget.js:231:34)
        at Object.invokeGuardedCallbackDev (C:\Users\iolej\DEV\testApp1\draw-app\node_modules\react-dom\cjs\react-dom.development.js:4213:16)
        at invokeGuardedCallback (C:\Users\iolej\DEV\testApp1\draw-app\node_modules\react-dom\cjs\react-dom.development.js:4277:31)
        at reportUncaughtErrorInDEV (C:\Users\iolej\DEV\testApp1\draw-app\node_modules\react-dom\cjs\react-dom.development.js:22877:5)
        at captureCommitPhaseError (C:\Users\iolej\DEV\testApp1\draw-app\node_modules\react-dom\cjs\react-dom.development.js:27165:5)
        at commitPassiveMountEffects_complete (C:\Users\iolej\DEV\testApp1\draw-app\node_modules\react-dom\cjs\react-dom.development.js:24932:9)
        at commitPassiveMountEffects_begin (C:\Users\iolej\DEV\testApp1\draw-app\node_modules\react-dom\cjs\react-dom.development.js:24917:7)
        at commitPassiveMountEffects (C:\Users\iolej\DEV\testApp1\draw-app\node_modules\react-dom\cjs\react-dom.development.js:24905:3)
        at flushPassiveEffectsImpl (C:\Users\iolej\DEV\testApp1\draw-app\node_modules\react-dom\cjs\react-dom.development.js:27078:3)
        at flushPassiveEffects (C:\Users\iolej\DEV\testApp1\draw-app\node_modules\react-dom\cjs\react-dom.development.js:27023:14)
        at C:\Users\iolej\DEV\testApp1\draw-app\node_modules\react-dom\cjs\react-dom.development.js:26808:9
        at flushActQueue (C:\Users\iolej\DEV\testApp1\draw-app\node_modules\react\cjs\react.development.js:2667:24)
        at act (C:\Users\iolej\DEV\testApp1\draw-app\node_modules\react\cjs\react.development.js:2582:11)
        at C:\Users\iolej\DEV\testApp1\draw-app\node_modules\@testing-library\react\dist\act-compat.js:47:25
        at renderRoot (C:\Users\iolej\DEV\testApp1\draw-app\node_modules\@testing-library\react\dist\pure.js:190:26)
        at render (C:\Users\iolej\DEV\testApp1\draw-app\node_modules\@testing-library\react\dist\pure.js:292:10)
        at Object.<anonymous> (C:\Users\iolej\DEV\testApp1\draw-app\src\components\DrawingCanvas.test.js:77:15)
        at Promise.then.completed (C:\Users\iolej\DEV\testApp1\draw-app\node_modules\jest-circus\build\utils.js:391:28)
        at new Promise (<anonymous>)
        at callAsyncCircusFn (C:\Users\iolej\DEV\testApp1\draw-app\node_modules\jest-circus\build\utils.js:316:10)
        at _callCircusTest (C:\Users\iolej\DEV\testApp1\draw-app\node_modules\jest-circus\build\run.js:218:40)
        at _runTest (C:\Users\iolej\DEV\testApp1\draw-app\node_modules\jest-circus\build\run.js:155:3)
        at _runTestsForDescribeBlock (C:\Users\iolej\DEV\testApp1\draw-app\node_modules\jest-circus\build\run.js:66:9)
        at _runTestsForDescribeBlock (C:\Users\iolej\DEV\testApp1\draw-app\node_modules\jest-circus\build\run.js:60:9)
        at run (C:\Users\iolej\DEV\testApp1\draw-app\node_modules\jest-circus\build\run.js:25:3)
        at runAndTransformResultsToJestFormat (C:\Users\iolej\DEV\testApp1\draw-app\node_modules\jest-circus\build\legacy-code-todo-rewrite\jestAdapterInit.js:170:21)
        at jestAdapter (C:\Users\iolej\DEV\testApp1\draw-app\node_modules\jest-circus\build\legacy-code-todo-rewrite\jestAdapter.js:82:19)
        at runTestInternal (C:\Users\iolej\DEV\testApp1\draw-app\node_modules\jest-runner\build\runTest.js:389:16)
        at runTest (C:\Users\iolej\DEV\testApp1\draw-app\node_modules\jest-runner\build\runTest.js:475:34)
        at TestRunner.runTests (C:\Users\iolej\DEV\testApp1\draw-app\node_modules\jest-runner\build\index.js:101:12)
        at TestScheduler.scheduleTests (C:\Users\iolej\DEV\testApp1\draw-app\node_modules\@jest\core\build\TestScheduler.js:333:13)
        at runJest (C:\Users\iolej\DEV\testApp1\draw-app\node_modules\@jest\core\build\runJest.js:404:19)
        at _run10000 (C:\Users\iolej\DEV\testApp1\draw-app\node_modules\@jest\core\build\cli\index.js:320:7)
        at runCLI (C:\Users\iolej\DEV\testApp1\draw-app\node_modules\@jest\core\build\cli\index.js:173:3)
        at Object.run (C:\Users\iolej\DEV\testApp1\draw-app\node_modules\jest-cli\build\cli\index.js:155:37) TypeError: Cannot set properties of undefined (setting 'lineCap')
        at handleResize (C:\Users\iolej\DEV\testApp1\draw-app\src\components\DrawingCanvas.js:85:22)
        at C:\Users\iolej\DEV\testApp1\draw-app\src\components\DrawingCanvas.js:109:5
        at commitHookEffectListMount (C:\Users\iolej\DEV\testApp1\draw-app\node_modules\react-dom\cjs\react-dom.development.js:23189:26)
        at commitPassiveMountOnFiber (C:\Users\iolej\DEV\testApp1\draw-app\node_modules\react-dom\cjs\react-dom.development.js:24970:11)
        at commitPassiveMountEffects_complete (C:\Users\iolej\DEV\testApp1\draw-app\node_modules\react-dom\cjs\react-dom.development.js:24930:9)
        at commitPassiveMountEffects_begin (C:\Users\iolej\DEV\testApp1\draw-app\node_modules\react-dom\cjs\react-dom.development.js:24917:7)
        at commitPassiveMountEffects (C:\Users\iolej\DEV\testApp1\draw-app\node_modules\react-dom\cjs\react-dom.development.js:24905:3)
        at flushPassiveEffectsImpl (C:\Users\iolej\DEV\testApp1\draw-app\node_modules\react-dom\cjs\react-dom.development.js:27078:3)
        at flushPassiveEffects (C:\Users\iolej\DEV\testApp1\draw-app\node_modules\react-dom\cjs\react-dom.development.js:27023:14)
        at C:\Users\iolej\DEV\testApp1\draw-app\node_modules\react-dom\cjs\react-dom.development.js:26808:9
        at flushActQueue (C:\Users\iolej\DEV\testApp1\draw-app\node_modules\react\cjs\react.development.js:2667:24)
        at act (C:\Users\iolej\DEV\testApp1\draw-app\node_modules\react\cjs\react.development.js:2582:11)
        at C:\Users\iolej\DEV\testApp1\draw-app\node_modules\@testing-library\react\dist\act-compat.js:47:25
        at renderRoot (C:\Users\iolej\DEV\testApp1\draw-app\node_modules\@testing-library\react\dist\pure.js:190:26)
        at render (C:\Users\iolej\DEV\testApp1\draw-app\node_modules\@testing-library\react\dist\pure.js:292:10)
        at Object.<anonymous> (C:\Users\iolej\DEV\testApp1\draw-app\src\components\DrawingCanvas.test.js:77:15)
        at Promise.then.completed (C:\Users\iolej\DEV\testApp1\draw-app\node_modules\jest-circus\build\utils.js:391:28)
        at new Promise (<anonymous>)
        at callAsyncCircusFn (C:\Users\iolej\DEV\testApp1\draw-app\node_modules\jest-circus\build\utils.js:316:10)
        at _callCircusTest (C:\Users\iolej\DEV\testApp1\draw-app\node_modules\jest-circus\build\run.js:218:40)
        at _runTest (C:\Users\iolej\DEV\testApp1\draw-app\node_modules\jest-circus\build\run.js:155:3)
        at _runTestsForDescribeBlock (C:\Users\iolej\DEV\testApp1\draw-app\node_modules\jest-circus\build\run.js:66:9)
        at _runTestsForDescribeBlock (C:\Users\iolej\DEV\testApp1\draw-app\node_modules\jest-circus\build\run.js:60:9)
        at run (C:\Users\iolej\DEV\testApp1\draw-app\node_modules\jest-circus\build\run.js:25:3)
        at runAndTransformResultsToJestFormat (C:\Users\iolej\DEV\testApp1\draw-app\node_modules\jest-circus\build\legacy-code-todo-rewrite\jestAdapterInit.js:170:21)
        at jestAdapter (C:\Users\iolej\DEV\testApp1\draw-app\node_modules\jest-circus\build\legacy-code-todo-rewrite\jestAdapter.js:82:19)
        at runTestInternal (C:\Users\iolej\DEV\testApp1\draw-app\node_modules\jest-runner\build\runTest.js:389:16)
        at runTest (C:\Users\iolej\DEV\testApp1\draw-app\node_modules\jest-runner\build\runTest.js:475:34)
        at TestRunner.runTests (C:\Users\iolej\DEV\testApp1\draw-app\node_modules\jest-runner\build\index.js:101:12)
        at TestScheduler.scheduleTests (C:\Users\iolej\DEV\testApp1\draw-app\node_modules\@jest\core\build\TestScheduler.js:333:13)
        at runJest (C:\Users\iolej\DEV\testApp1\draw-app\node_modules\@jest\core\build\runJest.js:404:19)
        at _run10000 (C:\Users\iolej\DEV\testApp1\draw-app\node_modules\@jest\core\build\cli\index.js:320:7)
        at runCLI (C:\Users\iolej\DEV\testApp1\draw-app\node_modules\@jest\core\build\cli\index.js:173:3)
        at Object.run (C:\Users\iolej\DEV\testApp1\draw-app\node_modules\jest-cli\build\cli\index.js:155:37)

    [0m [90m 75 |[39m
     [90m 76 |[39m     test([32m'undo and redo functionality'[39m[33m,[39m () [33m=>[39m {
    [31m[1m>[22m[39m[90m 77 |[39m         render(
     [90m    |[39m               [31m[1m^[22m[39m
     [90m 78 |[39m             [33m<[39m[33mDrawingCanvas[39m
     [90m 79 |[39m                 tool[33m=[39m[32m"draw"[39m
     [90m 80 |[39m                 color[33m=[39m[32m"#000000"[39m[0m

      at VirtualConsole.<anonymous> (node_modules/jsdom/lib/jsdom/virtual-console.js:29:45)
      at reportException (node_modules/jsdom/lib/jsdom/living/helpers/runtime-script-errors.js:70:28)
      at innerInvokeEventListeners (node_modules/jsdom/lib/jsdom/living/events/EventTarget-impl.js:341:9)
      at invokeEventListeners (node_modules/jsdom/lib/jsdom/living/events/EventTarget-impl.js:274:3)
      at HTMLUnknownElementImpl._dispatch (node_modules/jsdom/lib/jsdom/living/events/EventTarget-impl.js:221:9)
      at HTMLUnknownElementImpl.dispatchEvent (node_modules/jsdom/lib/jsdom/living/events/EventTarget-impl.js:94:17)
      at HTMLUnknownElement.dispatchEvent (node_modules/jsdom/lib/jsdom/living/generated/EventTarget.js:231:34)
      at Object.invokeGuardedCallbackDev (node_modules/react-dom/cjs/react-dom.development.js:4213:16)
      at invokeGuardedCallback (node_modules/react-dom/cjs/react-dom.development.js:4277:31)
      at reportUncaughtErrorInDEV (node_modules/react-dom/cjs/react-dom.development.js:22877:5)
      at captureCommitPhaseError (node_modules/react-dom/cjs/react-dom.development.js:27165:5)
      at commitPassiveMountEffects_complete (node_modules/react-dom/cjs/react-dom.development.js:24932:9)
      at commitPassiveMountEffects_begin (node_modules/react-dom/cjs/react-dom.development.js:24917:7)
      at commitPassiveMountEffects (node_modules/react-dom/cjs/react-dom.development.js:24905:3)
      at flushPassiveEffectsImpl (node_modules/react-dom/cjs/react-dom.development.js:27078:3)
      at flushPassiveEffects (node_modules/react-dom/cjs/react-dom.development.js:27023:14)
      at node_modules/react-dom/cjs/react-dom.development.js:26808:9
      at flushActQueue (node_modules/react/cjs/react.development.js:2667:24)
      at act (node_modules/react/cjs/react.development.js:2582:11)
      at node_modules/@testing-library/react/dist/act-compat.js:47:25
      at renderRoot (node_modules/@testing-library/react/dist/pure.js:190:26)
      at render (node_modules/@testing-library/react/dist/pure.js:292:10)
      at Object.<anonymous> (src/components/DrawingCanvas.test.js:77:15)
      at TestScheduler.scheduleTests (node_modules/@jest/core/build/TestScheduler.js:333:13)
      at runJest (node_modules/@jest/core/build/runJest.js:404:19)
      at _run10000 (node_modules/@jest/core/build/cli/index.js:320:7)
      at runCLI (node_modules/@jest/core/build/cli/index.js:173:3)

  console.error
    The above error occurred in the <ForwardRef> component:
    
        at C:\Users\iolej\DEV\testApp1\draw-app\src\components\DrawingCanvas.js:6:3
    
    Consider adding an error boundary to your tree to customize error handling behavior.
    Visit https://reactjs.org/link/error-boundaries to learn more about error boundaries.

    [0m [90m 75 |[39m
     [90m 76 |[39m     test([32m'undo and redo functionality'[39m[33m,[39m () [33m=>[39m {
    [31m[1m>[22m[39m[90m 77 |[39m         render(
     [90m    |[39m               [31m[1m^[22m[39m
     [90m 78 |[39m             [33m<[39m[33mDrawingCanvas[39m
     [90m 79 |[39m                 tool[33m=[39m[32m"draw"[39m
     [90m 80 |[39m                 color[33m=[39m[32m"#000000"[39m[0m

      at logCapturedError (node_modules/react-dom/cjs/react-dom.development.js:18704:23)
      at update.callback (node_modules/react-dom/cjs/react-dom.development.js:18737:5)
      at callCallback (node_modules/react-dom/cjs/react-dom.development.js:15036:12)
      at commitUpdateQueue (node_modules/react-dom/cjs/react-dom.development.js:15057:9)
      at commitLayoutEffectOnFiber (node_modules/react-dom/cjs/react-dom.development.js:23430:13)
      at commitLayoutMountEffects_complete (node_modules/react-dom/cjs/react-dom.development.js:24727:9)
      at commitLayoutEffects_begin (node_modules/react-dom/cjs/react-dom.development.js:24713:7)
      at commitLayoutEffects (node_modules/react-dom/cjs/react-dom.development.js:24651:3)
      at commitRootImpl (node_modules/react-dom/cjs/react-dom.development.js:26862:5)
      at commitRoot (node_modules/react-dom/cjs/react-dom.development.js:26721:5)
      at performSyncWorkOnRoot (node_modules/react-dom/cjs/react-dom.development.js:26156:3)
      at flushSyncCallbacks (node_modules/react-dom/cjs/react-dom.development.js:12042:22)
      at flushPassiveEffectsImpl (node_modules/react-dom/cjs/react-dom.development.js:27099:3)
      at flushPassiveEffects (node_modules/react-dom/cjs/react-dom.development.js:27023:14)
      at node_modules/react-dom/cjs/react-dom.development.js:26808:9
      at flushActQueue (node_modules/react/cjs/react.development.js:2667:24)
      at act (node_modules/react/cjs/react.development.js:2582:11)
      at node_modules/@testing-library/react/dist/act-compat.js:47:25
      at renderRoot (node_modules/@testing-library/react/dist/pure.js:190:26)
      at render (node_modules/@testing-library/react/dist/pure.js:292:10)
      at Object.<anonymous> (src/components/DrawingCanvas.test.js:77:15)
      at TestScheduler.scheduleTests (node_modules/@jest/core/build/TestScheduler.js:333:13)
      at runJest (node_modules/@jest/core/build/runJest.js:404:19)
      at _run10000 (node_modules/@jest/core/build/cli/index.js:320:7)
      at runCLI (node_modules/@jest/core/build/cli/index.js:173:3)

node.exe : FAIL src/components/DrawingCanvas.test.js
At C:\Program Files\nodejs\npm.ps1:29 char:3
+   & $NODE_EXE $NPM_CLI_JS $args
+   ~~~~~~~~~~~~~~~~~~~~~~~~~~~~~
    + CategoryInfo          : NotSpecified: (FAIL src/compon...gCa 
   nvas.test.js:String) [], RemoteException
    + FullyQualifiedErrorId : NativeCommandError
 
  DrawingCanvas
    ├ù renders without crashing (53 ms)
    ├ù initializes history on mount (8 ms)
    ├ù undo and redo functionality (8 ms)

  ÔùÅ DrawingCanvas ÔÇ║ renders without crashing

    TypeError: Cannot set properties of undefined (setting 
'lineCap')

    [0m [90m 83 |[39m       [90m// Get context and set 
properties[39m
     [90m 84 |[39m       [36mconst[39m context [33m=[39m 
canvas[33m.[39mgetContext([32m'2d'[39m[33m,[39m { 
willReadFrequently[33m:[39m [36mtrue[39m })[33m;[39m
    [31m[1m>[22m[39m[90m 85 |[39m       
context[33m.[39mlineCap [33m=[39m [32m'round'[39m[33m;[39m
     [90m    |[39m                      [31m[1m^[22m[39m
     [90m 86 |[39m       context[33m.[39mlineJoin [33m=[39m 
[32m'round'[39m[33m;[39m
     [90m 87 |[39m       context[33m.[39mstrokeStyle 
[33m=[39m color[33m;[39m
     [90m 88 |[39m       context[33m.[39mlineWidth [33m=[39m 
brushSize[33m;[39m[0m

      at handleResize (src/components/DrawingCanvas.js:85:22)
      at src/components/DrawingCanvas.js:109:5
      at commitHookEffectListMount 
(node_modules/react-dom/cjs/react-dom.development.js:23189:26)
      at commitPassiveMountOnFiber 
(node_modules/react-dom/cjs/react-dom.development.js:24970:11)
      at commitPassiveMountEffects_complete 
(node_modules/react-dom/cjs/react-dom.development.js:24930:9)
      at commitPassiveMountEffects_begin 
(node_modules/react-dom/cjs/react-dom.development.js:24917:7)
      at commitPassiveMountEffects 
(node_modules/react-dom/cjs/react-dom.development.js:24905:3)
      at flushPassiveEffectsImpl 
(node_modules/react-dom/cjs/react-dom.development.js:27078:3)
      at flushPassiveEffects 
(node_modules/react-dom/cjs/react-dom.development.js:27023:14)
      at 
node_modules/react-dom/cjs/react-dom.development.js:26808:9
      at flushActQueue 
(node_modules/react/cjs/react.development.js:2667:24)
      at act (node_modules/react/cjs/react.development.js:2582:11)
      at 
node_modules/@testing-library/react/dist/act-compat.js:47:25
      at renderRoot 
(node_modules/@testing-library/react/dist/pure.js:190:26)
      at render 
(node_modules/@testing-library/react/dist/pure.js:292:10)
      at Object.<anonymous> 
(src/components/DrawingCanvas.test.js:42:15)
      at TestScheduler.scheduleTests 
(node_modules/@jest/core/build/TestScheduler.js:333:13)
      at runJest (node_modules/@jest/core/build/runJest.js:404:19)
      at _run10000 
(node_modules/@jest/core/build/cli/index.js:320:7)
      at runCLI (node_modules/@jest/core/build/cli/index.js:173:3)

  ÔùÅ DrawingCanvas ÔÇ║ initializes history on mount

    TypeError: Cannot set properties of undefined (setting 
'lineCap')

    [0m [90m 83 |[39m       [90m// Get context and set 
properties[39m
     [90m 84 |[39m       [36mconst[39m context [33m=[39m 
canvas[33m.[39mgetContext([32m'2d'[39m[33m,[39m { 
willReadFrequently[33m:[39m [36mtrue[39m })[33m;[39m
    [31m[1m>[22m[39m[90m 85 |[39m       
context[33m.[39mlineCap [33m=[39m [32m'round'[39m[33m;[39m
     [90m    |[39m                      [31m[1m^[22m[39m
     [90m 86 |[39m       context[33m.[39mlineJoin [33m=[39m 
[32m'round'[39m[33m;[39m
     [90m 87 |[39m       context[33m.[39mstrokeStyle 
[33m=[39m color[33m;[39m
     [90m 88 |[39m       context[33m.[39mlineWidth [33m=[39m 
brushSize[33m;[39m[0m

      at handleResize (src/components/DrawingCanvas.js:85:22)
      at src/components/DrawingCanvas.js:109:5
      at commitHookEffectListMount 
(node_modules/react-dom/cjs/react-dom.development.js:23189:26)
      at commitPassiveMountOnFiber 
(node_modules/react-dom/cjs/react-dom.development.js:24970:11)
      at commitPassiveMountEffects_complete 
(node_modules/react-dom/cjs/react-dom.development.js:24930:9)
      at commitPassiveMountEffects_begin 
(node_modules/react-dom/cjs/react-dom.development.js:24917:7)
      at commitPassiveMountEffects 
(node_modules/react-dom/cjs/react-dom.development.js:24905:3)
      at flushPassiveEffectsImpl 
(node_modules/react-dom/cjs/react-dom.development.js:27078:3)
      at flushPassiveEffects 
(node_modules/react-dom/cjs/react-dom.development.js:27023:14)
      at 
node_modules/react-dom/cjs/react-dom.development.js:26808:9
      at flushActQueue 
(node_modules/react/cjs/react.development.js:2667:24)
      at act (node_modules/react/cjs/react.development.js:2582:11)
      at 
node_modules/@testing-library/react/dist/act-compat.js:47:25
      at renderRoot 
(node_modules/@testing-library/react/dist/pure.js:190:26)
      at render 
(node_modules/@testing-library/react/dist/pure.js:292:10)
      at Object.<anonymous> 
(src/components/DrawingCanvas.test.js:57:15)
      at TestScheduler.scheduleTests 
(node_modules/@jest/core/build/TestScheduler.js:333:13)
      at runJest (node_modules/@jest/core/build/runJest.js:404:19)
      at _run10000 
(node_modules/@jest/core/build/cli/index.js:320:7)
      at runCLI (node_modules/@jest/core/build/cli/index.js:173:3)

  ÔùÅ DrawingCanvas ÔÇ║ undo and redo functionality

    TypeError: Cannot set properties of undefined (setting 
'lineCap')

    [0m [90m 83 |[39m       [90m// Get context and set 
properties[39m
     [90m 84 |[39m       [36mconst[39m context [33m=[39m 
canvas[33m.[39mgetContext([32m'2d'[39m[33m,[39m { 
willReadFrequently[33m:[39m [36mtrue[39m })[33m;[39m
    [31m[1m>[22m[39m[90m 85 |[39m       
context[33m.[39mlineCap [33m=[39m [32m'round'[39m[33m;[39m
     [90m    |[39m                      [31m[1m^[22m[39m
     [90m 86 |[39m       context[33m.[39mlineJoin [33m=[39m 
[32m'round'[39m[33m;[39m
     [90m 87 |[39m       context[33m.[39mstrokeStyle 
[33m=[39m color[33m;[39m
     [90m 88 |[39m       context[33m.[39mlineWidth [33m=[39m 
brushSize[33m;[39m[0m

      at handleResize (src/components/DrawingCanvas.js:85:22)
      at src/components/DrawingCanvas.js:109:5
      at commitHookEffectListMount 
(node_modules/react-dom/cjs/react-dom.development.js:23189:26)
      at commitPassiveMountOnFiber 
(node_modules/react-dom/cjs/react-dom.development.js:24970:11)
      at commitPassiveMountEffects_complete 
(node_modules/react-dom/cjs/react-dom.development.js:24930:9)
      at commitPassiveMountEffects_begin 
(node_modules/react-dom/cjs/react-dom.development.js:24917:7)
      at commitPassiveMountEffects 
(node_modules/react-dom/cjs/react-dom.development.js:24905:3)
      at flushPassiveEffectsImpl 
(node_modules/react-dom/cjs/react-dom.development.js:27078:3)
      at flushPassiveEffects 
(node_modules/react-dom/cjs/react-dom.development.js:27023:14)
      at 
node_modules/react-dom/cjs/react-dom.development.js:26808:9
      at flushActQueue 
(node_modules/react/cjs/react.development.js:2667:24)
      at act (node_modules/react/cjs/react.development.js:2582:11)
      at 
node_modules/@testing-library/react/dist/act-compat.js:47:25
      at renderRoot 
(node_modules/@testing-library/react/dist/pure.js:190:26)
      at render 
(node_modules/@testing-library/react/dist/pure.js:292:10)
      at Object.<anonymous> 
(src/components/DrawingCanvas.test.js:77:15)
      at TestScheduler.scheduleTests 
(node_modules/@jest/core/build/TestScheduler.js:333:13)
      at runJest (node_modules/@jest/core/build/runJest.js:404:19)
      at _run10000 
(node_modules/@jest/core/build/cli/index.js:320:7)
      at runCLI (node_modules/@jest/core/build/cli/index.js:173:3)

Test Suites: 1 failed, 1 total
Tests:       3 failed, 3 total
Snapshots:   0 total
Time:        0.692 s, estimated 1 s
Ran all test suites matching 
/src\\components\\DrawingCanvas.test.js/i.
